<html>
<body>
<pre>
<h1>µVision Build Log</h1>
<h2>Project:</h2>
D:\LPC2106\Keil\LPC2106.uvproj
Project File Date:  09/07/2014

<h2>Output:</h2>
Rebuild target 'LPC2106'
compiling LPC2106.c...
assembling threadX_cpus.s...
assembling start.s...
compiling threadX_cpu.C...
compiling cpu.c...
compiling Int_c.c...
compiling interrupts.c...
compiling rt_sys.c...
compiling generic.c...
compiling application.c...
compiling tx_ba.c...
compiling tx_bpc.c...
compiling tx_bpcle.c...
compiling tx_bpd.c...
compiling tx_bpi.c...
compiling tx_br.c...
compiling tx_byta.c...
compiling tx_bytc.c...
compiling tx_bytcl.c...
compiling tx_bytd.c...
compiling tx_byti.c...
compiling tx_bytr.c...
compiling tx_byts.c...
compiling tx_efc.c...
compiling tx_efcle.c...
compiling tx_efd.c...
compiling tx_efg.c...
compiling tx_efi.c...
compiling tx_efs.c...
compiling tx_el.c...
compiling tx_ghs.c...
compiling tx_ihl.c...
compiling tx_ike.c...
compiling tx_qc.c...
compiling tx_qcle.c...
compiling tx_qd.c...
compiling tx_qf.c...
compiling tx_qi.c...
compiling tx_qr.c...
compiling tx_qs.c...
compiling tx_sc.c...
compiling tx_scle.c...
compiling tx_sd.c...
compiling tx_sg.c...
compiling tx_si.c...
compiling tx_sp.c...
compiling tx_ta.c...
compiling tx_taa.c...
compiling tx_tc.c...
compiling tx_td.c...
compiling tx_tda.c...
compiling tx_tdel.c...
compiling tx_ti.c...
compiling tx_tide.c...
compiling tx_timch.c...
compiling tx_timcr.c...
compiling tx_timd.c...
compiling tx_timeg.c...
compiling tx_times.c...
compiling tx_timi.c...
compiling tx_tpch.c...
compiling tx_tprch.c...
compiling tx_tr.c...
compiling tx_tra.c...
compiling tx_trel.c...
compiling tx_tsa.c...
compiling tx_tse.c...
compiling tx_tsle.c...
compiling tx_tsus.c...
compiling tx_tt.c...
compiling tx_tte.c...
compiling tx_tto.c...
compiling tx_tts.c...
compiling tx_ttsc.c...
compiling txe_ba.c...
compiling txe_bpc.c...
compiling txe_bpd.c...
compiling txe_br.c...
compiling txe_byta.c...
compiling txe_bytc.c...
compiling txe_bytd.c...
compiling txe_bytr.c...
compiling txe_efc.c...
compiling txe_efd.c...
compiling txe_efg.c...
compiling txe_efs.c...
compiling txe_qc.c...
compiling txe_qd.c...
compiling txe_qf.c...
compiling txe_qr.c...
compiling txe_qs.c...
compiling txe_sc.c...
compiling txe_sd.c...
compiling txe_sg.c...
compiling txe_sp.c...
compiling txe_taa.c...
compiling txe_tc.c...
compiling txe_tda.c...
compiling txe_tdel.c...
compiling txe_timd.c...
compiling txe_tmch.c...
compiling txe_tmcr.c...
compiling txe_tpch.c...
compiling txe_tra.c...
compiling txe_trel.c...
compiling txe_trpc.c...
compiling txe_tsa.c...
compiling txe_tt.c...
compiling txe_ttsc.c...
linking...
Program Size: Code=26764 RO-data=1200 RW-data=376 ZI-data=55224  
FromELF: creating hex file...
".\obj\LPC2106.axf" - 0 Errors, 0 Warning(s).
Rebuild target 'LPC2106'
compiling LPC2106.c...
assembling threadX_cpus.s...
assembling start.s...
compiling threadX_cpu.C...
compiling cpu.c...
compiling Int_c.c...
compiling interrupts.c...
compiling rt_sys.c...
compiling generic.c...
compiling application.c...
compiling tx_ba.c...
compiling tx_bpc.c...
compiling tx_bpcle.c...
compiling tx_bpd.c...
compiling tx_bpi.c...
compiling tx_br.c...
compiling tx_byta.c...
compiling tx_bytc.c...
compiling tx_bytcl.c...
compiling tx_bytd.c...
compiling tx_byti.c...
compiling tx_bytr.c...
compiling tx_byts.c...
compiling tx_efc.c...
compiling tx_efcle.c...
compiling tx_efd.c...
compiling tx_efg.c...
compiling tx_efi.c...
compiling tx_efs.c...
compiling tx_el.c...
compiling tx_ghs.c...
compiling tx_ihl.c...
compiling tx_ike.c...
compiling tx_qc.c...
compiling tx_qcle.c...
compiling tx_qd.c...
compiling tx_qf.c...
compiling tx_qi.c...
compiling tx_qr.c...
compiling tx_qs.c...
compiling tx_sc.c...
compiling tx_scle.c...
compiling tx_sd.c...
compiling tx_sg.c...
compiling tx_si.c...
compiling tx_sp.c...
compiling tx_ta.c...
compiling tx_taa.c...
compiling tx_tc.c...
compiling tx_td.c...
compiling tx_tda.c...
compiling tx_tdel.c...
compiling tx_ti.c...
compiling tx_tide.c...
compiling tx_timch.c...
compiling tx_timcr.c...
compiling tx_timd.c...
compiling tx_timeg.c...
compiling tx_times.c...
compiling tx_timi.c...
compiling tx_tpch.c...
compiling tx_tprch.c...
compiling tx_tr.c...
compiling tx_tra.c...
compiling tx_trel.c...
compiling tx_tsa.c...
compiling tx_tse.c...
compiling tx_tsle.c...
compiling tx_tsus.c...
compiling tx_tt.c...
compiling tx_tte.c...
compiling tx_tto.c...
compiling tx_tts.c...
compiling tx_ttsc.c...
compiling txe_ba.c...
compiling txe_bpc.c...
compiling txe_bpd.c...
compiling txe_br.c...
compiling txe_byta.c...
compiling txe_bytc.c...
compiling txe_bytd.c...
compiling txe_bytr.c...
compiling txe_efc.c...
compiling txe_efd.c...
compiling txe_efg.c...
compiling txe_efs.c...
compiling txe_qc.c...
compiling txe_qd.c...
compiling txe_qf.c...
compiling txe_qr.c...
compiling txe_qs.c...
compiling txe_sc.c...
compiling txe_sd.c...
compiling txe_sg.c...
compiling txe_sp.c...
compiling txe_taa.c...
compiling txe_tc.c...
compiling txe_tda.c...
compiling txe_tdel.c...
compiling txe_timd.c...
compiling txe_tmch.c...
compiling txe_tmcr.c...
compiling txe_tpch.c...
compiling txe_tra.c...
compiling txe_trel.c...
compiling txe_trpc.c...
compiling txe_tsa.c...
compiling txe_tt.c...
compiling txe_ttsc.c...
linking...
Program Size: Code=26764 RO-data=1200 RW-data=376 ZI-data=55224  
FromELF: creating hex file...
".\obj\LPC2106.axf" - 0 Errors, 0 Warning(s).
